#
# There is insufficient memory for the Java Runtime Environment to continue.
# Native memory allocation (mmap) failed to map 134217728 bytes. Error detail: G1 virtual space
# Possible reasons:
#   The system is out of physical RAM or swap space
#   This process is running with CompressedOops enabled, and the Java Heap may be blocking the growth of the native heap
# Possible solutions:
#   Reduce memory load on the system
#   Increase physical memory or swap space
#   Check if swap backing store is full
#   Decrease Java heap size (-Xmx/-Xms)
#   Decrease number of Java threads
#   Decrease Java thread stack sizes (-Xss)
#   Set larger code cache with -XX:ReservedCodeCacheSize=
#   JVM is running with Unscaled Compressed Oops mode in which the Java heap is
#     placed in the first 4GB address space. The Java Heap base address is the
#     maximum limit for the native heap growth. Please use -XX:HeapBaseMinAddress
#     to set the Java Heap base and to place the Java Heap above 4GB virtual address.
# This output file may be truncated or incomplete.
#
#  Out of Memory Error (os_windows.cpp:3898), pid=7292, tid=7980
#
# JRE version:  (21.0.7+9) (build )
# Java VM: OpenJDK 64-Bit Server VM (21.0.7+9-b895.130, mixed mode, sharing, tiered, compressed oops, compressed class ptrs, g1 gc, windows-amd64)
# No core dump will be written. Minidumps are not enabled by default on client versions of Windows
#

---------------  S U M M A R Y ------------

Command Line: git4idea.http.GitAskPassApp Username for 'https://github.com': 

Host: Intel(R) Core(TM) i5-7400 CPU @ 3.00GHz, 4 cores, 7G,  Windows 10 , 64 bit Build 19041 (10.0.19041.5915)
Time: Thu Sep 17 17:04:16 2026 RTZ 2 (s 10 , 64 bit Build 19041 (10.0.19041.5915) elapsed time: 0.039628 seconds (0d 0h 0m 0s)

---------------  T H R E A D  ---------------

Current thread (0x000002c2e5a836d0):  JavaThread "Unknown thread" [_thread_in_vm, id=7980, stack(0x000000cb58000000,0x000000cb58100000) (1024K)]

Stack: [0x000000cb58000000,0x000000cb58100000]
Native frames: (J=compiled Java code, j=interpreted, Vv=VM code, C=native code)
V  [jvm.dll+0x6e6049]
V  [jvm.dll+0x8c4343]
V  [jvm.dll+0x8c689e]
V  [jvm.dll+0x8c6f83]
V  [jvm.dll+0x289266]
V  [jvm.dll+0x6e28c5]
V  [jvm.dll+0x6d634a]
V  [jvm.dll+0x36388b]
V  [jvm.dll+0x36b456]
V  [jvm.dll+0x3bd7e6]
V  [jvm.dll+0x3bdab8]
V  [jvm.dll+0x335fdc]
V  [jvm.dll+0x336ccb]
V  [jvm.dll+0x88b7a9]
V  [jvm.dll+0x3ca9b8]
V  [jvm.dll+0x8747f8]
V  [jvm.dll+0x45f3ce]
V  [jvm.dll+0x4610b1]
C  [jli.dll+0x52ab]
C  [ucrtbase.dll+0x21bb2]
C  [KERNEL32.DLL+0x17374]
C  [ntdll.dll+0x4cc91]


---------------  P R O C E S S  ---------------

Threads class SMR info:
_java_thread_list=0x00007fffd1a1b148, length=0, elements={
}

Java Threads: ( => current thread )
Total: 0

Other Threads:
  0x000002c2e3864fd0 WorkerThread "GC Thread#0"                     [id=9628, stack(0x000000cb58100000,0x000000cb58200000) (1024K)]
  0x000002c2e5ae5670 ConcurrentGCThread "G1 Main Marker"            [id=10532, stack(0x000000cb58200000,0x000000cb58300000) (1024K)]
  0x000002c2e5ae8930 WorkerThread "G1 Conc#0"                       [id=12116, stack(0x000000cb58300000,0x000000cb58400000) (1024K)]

[error occurred during error reporting (printing all threads), id 0xc0000005, EXCEPTION_ACCESS_VIOLATION (0xc0000005) at pc=0x00007fffd11090b7]
VM state: not at safepoint (not fully initialized)

VM Mutex/Monitor currently owned by a thread:  ([mutex/lock_event])
[0x00007fffd1a8fab8] Heap_lock - owner thread: 0x000002c2e5a836d0

Heap address: 0x0000000080a00000, size: 2038 MB, Compressed Oops mode: 32-bit

CDS archive(s) mapped at: [0x0000000000000000-0x0000000000000000-0x0000000000000000), size 0, SharedBaseAddress: 0x0000000800000000, ArchiveRelocationMode: 1.
Narrow klass base: 0x0000000000000000, Narrow klass shift: 0, Narrow klass range: 0x0

GC Precious Log:
 CardTable entry size: 512
 Card Set container configuration: InlinePtr #cards 5 size 8 Array Of Cards #cards 12 size 40 Howl #buckets 4 coarsen threshold 1843 Howl Bitmap #cards 512 size 80 coarsen threshold 460 Card regions per heap region 1 cards per card region 2048

Heap:
 garbage-first heap   total 0K, used 0K [0x0000000080a00000, 0x0000000100000000)
  region size 1024K, 0 young (0K), 0 survivors (0K)
 Metaspace       used 0K, committed 0K, reserved 0K
  class space    used 0K, committed 0K, reserved 0K

Heap Regions: E=young(eden), S=young(survivor), O=old, HS=humongous(starts), HC=humongous(continues), CS=collection set, F=free, TAMS=top-at-mark-start, PB=parsable bottom

Card table byte_map: [0x000002c2f8ed0000,0x000002c2f92d0000] _byte_map_base: 0x000002c2f8acb000

Marking Bits: (CMBitMap*) 0x000002c2e5ad4d20
 Bits: [0x000002c2f92d0000, 0x000002c2fb2a8000)

GC Heap History (0 events):
No events

Dll operation events (1 events):
Event: 0.005 Loaded shared library C:\Program Files\GIGA IDE\GIGA IDE CE 2025.1\jbr\bin\java.dll

Deoptimization events (0 events):
No events

Classes loaded (0 events):
No events

Classes unloaded (0 events):
No events

Classes redefined (0 events):
No events

Internal exceptions (0 events):
No events

ZGC Phase Switch (0 events):
No events

VM Operations (0 events):
No events

Memory protections (0 events):
No events

Nmethod flushes (0 events):
No events

Events (0 events):
No events


Dynamic libraries:
0x00007ff7e4880000 - 0x00007ff7e488a000 	C:\Program Files\GIGA IDE\GIGA IDE CE 2025.1\jbr\bin\java.exe
0x00007ff8068d0000 - 0x00007ff806ac8000 	C:\WINDOWS\SYSTEM32\ntdll.dll
0x00007ff805a90000 - 0x00007ff805b52000 	C:\WINDOWS\System32\KERNEL32.DLL
0x00007ff8040d0000 - 0x00007ff8043c6000 	C:\WINDOWS\System32\KERNELBASE.dll
0x00007ff8047f0000 - 0x00007ff8048f0000 	C:\WINDOWS\System32\ucrtbase.dll
0x00007ffffac70000 - 0x00007ffffac8b000 	C:\Program Files\GIGA IDE\GIGA IDE CE 2025.1\jbr\bin\VCRUNTIME140.dll
0x00007fffed090000 - 0x00007fffed0a8000 	C:\Program Files\GIGA IDE\GIGA IDE CE 2025.1\jbr\bin\jli.dll
0x00007ffff7bb0000 - 0x00007ffff7e4b000 	C:\WINDOWS\WinSxS\amd64_microsoft.windows.common-controls_6595b64144ccf1df_6.0.19041.6456_none_60b8a6cb71f64256\COMCTL32.dll
0x00007ff805830000 - 0x00007ff8059d1000 	C:\WINDOWS\System32\USER32.dll
0x00007ff8050f0000 - 0x00007ff80518e000 	C:\WINDOWS\System32\msvcrt.dll
0x00007ff804450000 - 0x00007ff804472000 	C:\WINDOWS\System32\win32u.dll
0x00007ff806720000 - 0x00007ff80674b000 	C:\WINDOWS\System32\GDI32.dll
0x00007ff804520000 - 0x00007ff804639000 	C:\WINDOWS\System32\gdi32full.dll
0x00007ff804480000 - 0x00007ff80451d000 	C:\WINDOWS\System32\msvcp_win.dll
0x00007ff8065c0000 - 0x00007ff8065ef000 	C:\WINDOWS\System32\IMM32.DLL
0x00007fffff840000 - 0x00007fffff84c000 	C:\Program Files\GIGA IDE\GIGA IDE CE 2025.1\jbr\bin\vcruntime140_1.dll
0x00007fffe2470000 - 0x00007fffe24fd000 	C:\Program Files\GIGA IDE\GIGA IDE CE 2025.1\jbr\bin\msvcp140.dll
0x00007fffd0dc0000 - 0x00007fffd1b81000 	C:\Program Files\GIGA IDE\GIGA IDE CE 2025.1\jbr\bin\server\jvm.dll
0x00007ff805680000 - 0x00007ff805731000 	C:\WINDOWS\System32\ADVAPI32.dll
0x00007ff805190000 - 0x00007ff80522f000 	C:\WINDOWS\System32\sechost.dll
0x00007ff806350000 - 0x00007ff806470000 	C:\WINDOWS\System32\RPCRT4.dll
0x00007ff803f60000 - 0x00007ff803f87000 	C:\WINDOWS\System32\bcrypt.dll
0x00007ff806470000 - 0x00007ff8064db000 	C:\WINDOWS\System32\WS2_32.dll
0x00007ff800cf0000 - 0x00007ff800cfa000 	C:\WINDOWS\SYSTEM32\VERSION.dll
0x00007ffffb370000 - 0x00007ffffb397000 	C:\WINDOWS\SYSTEM32\WINMM.dll
0x00007ff803940000 - 0x00007ff80398b000 	C:\WINDOWS\SYSTEM32\POWRPROF.dll
0x00007ff803920000 - 0x00007ff803932000 	C:\WINDOWS\SYSTEM32\UMPDC.dll
0x00007ff801df0000 - 0x00007ff801e02000 	C:\WINDOWS\SYSTEM32\kernel.appcore.dll
0x00007fffff540000 - 0x00007fffff54a000 	C:\Program Files\GIGA IDE\GIGA IDE CE 2025.1\jbr\bin\jimage.dll
0x00007ffffa0c0000 - 0x00007ffffa2c1000 	C:\WINDOWS\SYSTEM32\DBGHELP.DLL
0x00007fffebcc0000 - 0x00007fffebcf4000 	C:\WINDOWS\SYSTEM32\dbgcore.DLL
0x00007ff803f90000 - 0x00007ff804012000 	C:\WINDOWS\System32\bcryptPrimitives.dll
0x00007ffff8120000 - 0x00007ffff8140000 	C:\Program Files\GIGA IDE\GIGA IDE CE 2025.1\jbr\bin\java.dll

dbghelp: loaded successfully - version: 4.0.5 - missing functions: none
symbol engine: initialized successfully - sym options: 0x614 - pdb path: .;C:\Program Files\GIGA IDE\GIGA IDE CE 2025.1\jbr\bin;C:\WINDOWS\SYSTEM32;C:\WINDOWS\WinSxS\amd64_microsoft.windows.common-controls_6595b64144ccf1df_6.0.19041.6456_none_60b8a6cb71f64256;C:\Program Files\GIGA IDE\GIGA IDE CE 2025.1\jbr\bin\server

VM Arguments:
java_command: git4idea.http.GitAskPassApp Username for 'https://github.com': 
java_class_path (initial): C:/Program Files/GIGA IDE/GIGA IDE CE 2025.1/plugins/vcs-git/lib/git4idea-rt.jar;C:/Program Files/GIGA IDE/GIGA IDE CE 2025.1/lib/externalProcess-rt.jar
Launcher Type: SUN_STANDARD

[Global flags]
     intx CICompilerCount                          = 3                                         {product} {ergonomic}
     uint ConcGCThreads                            = 1                                         {product} {ergonomic}
     uint G1ConcRefinementThreads                  = 4                                         {product} {ergonomic}
   size_t G1HeapRegionSize                         = 1048576                                   {product} {ergonomic}
    uintx GCDrainStackTargetSize                   = 64                                        {product} {ergonomic}
   size_t InitialHeapSize                          = 134217728                                 {product} {ergonomic}
   size_t MarkStackSize                            = 4194304                                   {product} {ergonomic}
   size_t MaxHeapSize                              = 2136997888                                {product} {ergonomic}
   size_t MinHeapDeltaBytes                        = 1048576                                   {product} {ergonomic}
   size_t MinHeapSize                              = 8388608                                   {product} {ergonomic}
    uintx NonNMethodCodeHeapSize                   = 5832780                                {pd product} {ergonomic}
    uintx NonProfiledCodeHeapSize                  = 122912730                              {pd product} {ergonomic}
    uintx ProfiledCodeHeapSize                     = 122912730                              {pd product} {ergonomic}
    uintx ReservedCodeCacheSize                    = 251658240                              {pd product} {ergonomic}
     bool SegmentedCodeCache                       = true                                      {product} {ergonomic}
   size_t SoftMaxHeapSize                          = 2136997888                             {manageable} {ergonomic}
     bool UseCompressedOops                        = true                           {product lp64_product} {ergonomic}
     bool UseG1GC                                  = true                                      {product} {ergonomic}
     bool UseLargePagesIndividualAllocation        = false                                  {pd product} {ergonomic}

Logging:
Log output configuration:
 #0: stdout all=warning uptime,level,tags foldmultilines=false
 #1: stderr all=off uptime,level,tags foldmultilines=false

Environment Variables:
PATH=C:/Program Files/Git/mingw64/libexec/git-core;C:/Program Files/Git/mingw64/libexec/git-core;C:\Program Files\Git\mingw64\bin;C:\Program Files\Git\usr\bin;C:\Users\User\bin;C:\Users\User\IdeaProjects\about_selenium\.venv\Scripts;C:\Program Files\Eclipse Adoptium\jdk-11.0.31.11-hotspot\bin;C:\Windows\system32;C:\Windows;C:\Windows\System32\Wbem;C:\Windows\System32\WindowsPowerShell\v1.0\;C:\Windows\System32\OpenSSH\;C:\Program Files (x86)\NVIDIA Corporation\PhysX\Common;C:\WINDOWS\system32;C:\WINDOWS;C:\WINDOWS\System32\Wbem;C:\WINDOWS\System32\WindowsPowerShell\v1.0\;C:\WINDOWS\System32\OpenSSH\;C:\Program Files\dotnet\;C:\Program Files\Git\cmd;C:\Users\User\Downloads\allure-2.46.1\allure-2.46.1\bin;C:\Program Files\MySQL\MySQL Shell 8.0\bin\;C:\Users\User\AppData\Local\Programs\Python\Launcher\;C:\Users\User\AppData\Local\Microsoft\WindowsApps;C:\Users\User\AppData\Local\Programs\Microsoft VS Code\bin;C:\Users\User\AppData\Local\Programs\DockerDesktop\resources\bin
USERNAME=username
DISPLAY=:0.0
LC_ALL=en_US.UTF-8
TERM=xterm-256color
TMPDIR=C:\Users\User\AppData\Local\Temp
OS=Windows_NT
PROCESSOR_IDENTIFIER=Intel64 Family 6 Model 158 Stepping 9, GenuineIntel
TMP=C:\Users\User\AppData\Local\Temp
TEMP=C:\Users\User\AppData\Local\Temp




Periodic native trim disabled

JNI global refs:
JNI global refs: 0, weak refs: 0

JNI global refs memory usage: 0, weak refs: 0

Process memory usage:
Resident Set Size: 10668K (0% of 8341264K total physical memory with 1338320K free physical memory)

OOME stack traces (most recent first):
Classloader memory used:

---------------  S Y S T E M  ---------------

OS:
 Windows 10 , 64 bit Build 19041 (10.0.19041.5915)
OS uptime: 0 days 1:30 hours

CPU: total 4 (initial active 4) (4 cores per cpu, 1 threads per core) family 6 model 158 stepping 9 microcode 0xb4, cx8, cmov, fxsr, mmx, 3dnowpref, sse, sse2, sse3, ssse3, sse4.1, sse4.2, popcnt, lzcnt, tsc, tscinvbit, avx, avx2, aes, erms, clmul, bmi1, bmi2, adx, fma, vzeroupper, clflush, clflushopt, rdtscp, f16c
Processor Information for the first 4 processors :
  Max Mhz: 3001, Current Mhz: 3001, Mhz Limit: 3001

Memory: 4k page, system-wide physical 8145M (1306M free)
TotalPageFile size 8145M (AvailPageFile size 123M)
current process WorkingSet (physical memory assigned to process): 10M, peak: 10M
current process commit charge ("private bytes"): 51M, peak: 179M

vm_info: OpenJDK 64-Bit Server VM (21.0.7+9-b895.130) for windows-amd64 JRE (21.0.7+9-b895.130), built on 2025-05-13 by "builduser" with MS VC++ 16.10 / 16.11 (VS2019)

END.
